
Type error: Expected 2 arguments, but got 1.
  65 |   } catch (error) {

